
======================================================================
python : Traceback (most recent call last):
At line:1 char:1
+ python test_dual_mode.py 2>&1 | tee test_output.log
+ ~~~~~~~~~~~~~~~~~~~~~~~~~~~~~
    + CategoryInfo          : NotSpecified: (Traceback (most recent call last) 
   ::String) [], RemoteException
    + FullyQualifiedErrorId : NativeCommandError
 
  File "D:\n8n-book\easy-local-rag-main\test_dual_mode.py", line 388, in 
<module>
    results = run_dual_mode_test()
              ^^^^^^^^^^^^^^^^^^^^
  File "D:\n8n-book\easy-local-rag-main\test_dual_mode.py", line 311, in 
run_dual_mode_test
    print("\U0001f680 DUAL-MODE RAG SYSTEM TEST")
  File "C:\Program Files\WindowsApps\PythonSoftwareFoundation.Python.3.11_3.11.
2544.0_x64__qbz5n2kfra8p0\Lib\encodings\cp1252.py", line 19, in encode
    return codecs.charmap_encode(input,self.errors,encoding_table)[0]
           ^^^^^^^^^^^^^^^^^^^^^^^^^^^^^^^^^^^^^^^^^^^^^^^^^^^^^^^
UnicodeEncodeError: 'charmap' codec can't encode character '\U0001f680' in 
position 0: character maps to <undefined>
